2015-11-04 10:54:01,164-INFO:running_test
2015-11-04 10:54:01,165-DEBUG:running_test
2015-11-04 10:54:01,165-CRITICAL:running_test
