2015-11-04 10:05:33,762-INFO:running_test
2015-11-04 10:05:33,762-DEBUG:running_test
2015-11-04 10:05:33,762-CRITICAL:running_test
2015-11-04 10:07:45,640-INFO:running_test
2015-11-04 10:07:45,640-DEBUG:running_test
2015-11-04 10:07:45,640-CRITICAL:running_test
